     1                                  section .data
     2                                  
     3 00000000 48656C6C6F2C2000          msg1:    db 'Hello, ', 0x0
     4                                    msg1Len: equ $ - msg1
     5                                  
     6 00000008 776F726C64210A            msg2:    db 'world!', 0xa
     7                                    msg2Len: equ $ - msg2
     8                                  
     9                                  section .text
    10                                  global _start
    11                                  
    12                                   _start:
    13                                  
    14 00000000 B804000000                mov  eax, 4
    15 00000005 BB01000000                mov  ebx, 1
    16 0000000A B9[00000000]              mov  ecx, msg1
    17 0000000F BA08000000                mov  edx, msg1Len
    18 00000014 CD80                      int  0x80
    19                                  
    20 00000016 B804000000                mov  eax, 4
    21 0000001B BB01000000                mov  ebx, 1
    22 00000020 B9[08000000]              mov  ecx, msg2
    23 00000025 BA07000000                mov  edx, msg2Len
    24 0000002A CD80                      int  0x80
    25                                  
    26 0000002C B801000000                mov  eax, 1
    27 00000031 BB00000000                mov  ebx, 0
    28 00000036 CD80                      int  0x80
